// Jest Snapshot v1, https://goo.gl/fbAQLP

exports[`Header should render with menus 1`] = `ReactWrapper {}`;
